This is TeX, Version 3.141592653 (TeX Live 2026) (preloaded format=tex 2026.3.7)  6 JUL 2026 17:57
**report_v3.tex
(./report_v3.tex
! Undefined control sequence.
l.7 \documentclass
                  [conference]{IEEEtran}
? 
! Undefined control sequence.
l.8 \IEEEoverridecommandlockouts
                                
? 
! Undefined control sequence.
l.10 \usepackage
                {cite}
? 
! Undefined control sequence.
l.11 \usepackage
                {amsmath,amssymb,amsfonts}
? 
! Undefined control sequence.
l.12 \usepackage
                {algorithm}
? 
! Undefined control sequence.
l.13 \usepackage
                {algorithmic}
? 
! Undefined control sequence.
l.14 \usepackage
                {graphicx}
? 
! Undefined control sequence.
l.15 \usepackage
                {textcomp}
? 
! Undefined control sequence.
l.16 \usepackage
                {xcolor}
? 
! Undefined control sequence.
l.17 \usepackage
                {tikz}
? 
! Undefined control sequence.
l.18 \usetikzlibrary
                    {arrows.meta,positioning,calc,shapes.geometric}
? 
! Undefined control sequence.
l.22 \begin
           {document}
? 
! Undefined control sequence.
l.24 \title
           {Robust Level~3 Autonomous Drone Racing\\ by Gate Search and Time...

? 
! Argument of \\ has an extra }.
<inserted text> 
                \par 
<to be read again> 
                   }
l.24 ...earch and Time-Optimal Contouring Control}
                                                  
? 
Runaway argument?
 by Gate Search and Time-Optimal Contouring Control
! Paragraph ended before \\ was complete.
<to be read again> 
                   \par 
<to be read again> 
                   }
l.24 ...earch and Time-Optimal Contouring Control}
                                                  
? 
! Undefined control sequence.
l.26 \author
            {\IEEEauthorblockN{1\textsuperscript{st} Ahmet Arda H^^c4^^b1z}
? 
! Undefined control sequence.
l.26 \author{\IEEEauthorblockN
                              {1\textsuperscript{st} Ahmet Arda H^^c4^^b1z}
? 
! Undefined control sequence.
l.26 \author{\IEEEauthorblockN{1\textsuperscript
                                                {st} Ahmet Arda H^^c4^^b1z}
? 
Missing character: There is no ^^c4 in font cmr10!
Missing character: There is no ^^b1 in font cmr10!
! Undefined control sequence.
l.27 \IEEEauthorblockA
                      {\textit{Learning Systems and Robotics} \\
? 
! Undefined control sequence.
l.27 \IEEEauthorblockA{\textit
                              {Learning Systems and Robotics} \\
? 
! Argument of \\ has an extra }.
<inserted text> 
                \par 
<to be read again> 
                   }
l.30 aarda.hiz@tum.de}
                      
? 
Runaway argument?
 \textit {Technical University of Munich}\\ Munich, Germany \\ aarda.\ETC.
! Paragraph ended before \\ was complete.
<to be read again> 
                   \par 
<to be read again> 
                   }
l.30 aarda.hiz@tum.de}
                      
? 
! Undefined control sequence.
l.31 \and
         
? 
! Undefined control sequence.
l.32 \IEEEauthorblockN
                      {2\textsuperscript{nd} Deniz \"Ozt\"urk}
? 
! Undefined control sequence.
l.32 \IEEEauthorblockN{2\textsuperscript
                                        {nd} Deniz \"Ozt\"urk}
? 
! Undefined control sequence.
l.33 \IEEEauthorblockA
                      {\textit{Learning Systems and Robotics} \\
? 
! Undefined control sequence.
l.33 \IEEEauthorblockA{\textit
                              {Learning Systems and Robotics} \\
? 
! Argument of \\ has an extra }.
<inserted text> 
                \par 
<to be read again> 
                   }
l.36 deniz.oeztuerk@tum.de}
                           
? 
Runaway argument?
 \textit {Technical University of Munich}\\ Munich, Germany \\ deniz.\ETC.
! Paragraph ended before \\ was complete.
<to be read again> 
                   \par 
<to be read again> 
                   }
l.36 deniz.oeztuerk@tum.de}
                           
? 
! Undefined control sequence.
l.39 \maketitle
               
? 
! Undefined control sequence.
l.41 \begin
           {abstract}
? 
[1] )
Output written on report_v3.dvi (1 page, 2560 bytes).
